CREATE EXTENSION IF NOT EXISTS pg_fraction;
CREATE TABLE test (id int, data fraction);
INSERT INTO test VALUES (1, '2/3'),(2, '3/7'),(3,'4/20');
TABLE test;
 id | data 
----+------
  1 | 2/3
  2 | 3/7
  3 | 1/5
(3 rows)

SELECT id, data, data + '2/3' AS add, data - '2/3' AS sub FROM test;
 id | data |  add  |  sub  
----+------+-------+-------
  1 | 2/3  | 4/3   | 0/1
  2 | 3/7  | 23/21 | -5/21
  3 | 1/5  | 13/15 | -7/15
(3 rows)

SELECT id, data, data * '2/3' AS mul, data / '2/3' AS div FROM test;
 id | data | mul  | div  
----+------+------+------
  1 | 2/3  | 4/9  | 1/1
  2 | 3/7  | 2/7  | 9/14
  3 | 1/5  | 2/15 | 3/10
(3 rows)

SELECT max(data), min(data) FROM test;
 max | min 
-----+-----
 2/3 | 1/5
(1 row)

SELECT id, data FROM test WHERE data = '5/25';
 id | data 
----+------
  3 | 1/5
(1 row)

SELECT id, data FROM test WHERE data <> '5/25';
 id | data 
----+------
  1 | 2/3
  2 | 3/7
(2 rows)

SELECT id, data FROM test WHERE data < '5/25';
 id | data 
----+------
(0 rows)

SELECT id, data FROM test WHERE data > '5/25';
 id | data 
----+------
  1 | 2/3
  2 | 3/7
(2 rows)

SELECT id, data FROM test WHERE data <= '5/25';
 id | data 
----+------
  3 | 1/5
(1 row)

SELECT id, data FROM test WHERE data >= '5/25';
 id | data 
----+------
  1 | 2/3
  2 | 3/7
  3 | 1/5
(3 rows)

-- order by
SELECT id, data, get_value(data) FROM test ORDER BY data;
 id | data |     get_value     
----+------+-------------------
  3 | 1/5  |               0.2
  2 | 3/7  | 0.428571428571429
  1 | 2/3  | 0.666666666666667
(3 rows)

-- cast
SELECT '1/3'::fraction::float8;
      float8       
-------------------
 0.333333333333333
(1 row)

SELECT 3::fraction;
 fraction 
----------
 3/1
(1 row)

